

================================================================
== Vivado HLS Report for 'Block_proc232'
================================================================
* Date:           Fri Jul 12 17:42:44 2019

* Version:        2018.3 (Build 2405991 on Thu Dec 06 23:56:15 MST 2018)
* Project:        edge_detector
* Solution:       solution1
* Product family: zynq
* Target device:  xc7z015clg485-2


================================================================
== Performance Estimates
================================================================
+ Timing (ns): 
    * Summary: 
    +--------+-------+----------+------------+
    |  Clock | Target| Estimated| Uncertainty|
    +--------+-------+----------+------------+
    |ap_clk  |   6.67|     2.916|        0.83|
    +--------+-------+----------+------------+

+ Latency (clock cycles): 
    * Summary: 
    +-----+-----+-----+-----+---------+
    |  Latency  |  Interval | Pipeline|
    | min | max | min | max |   Type  |
    +-----+-----+-----+-----+---------+
    |    0|    0|    0|    0|   none  |
    +-----+-----+-----+-----+---------+

    + Detail: 
        * Instance: 
        N/A

        * Loop: 
        N/A



================================================================
== Utilization Estimates
================================================================
* Summary: 
+-----------------+---------+-------+-------+-------+
|       Name      | BRAM_18K| DSP48E|   FF  |  LUT  |
+-----------------+---------+-------+-------+-------+
|DSP              |        -|      -|      -|      -|
|Expression       |        -|      -|      0|      1|
|FIFO             |        -|      -|      -|      -|
|Instance         |        -|      -|      -|      -|
|Memory           |        -|      -|      -|      -|
|Multiplexer      |        -|      -|      -|     15|
|Register         |        -|      -|      3|      -|
+-----------------+---------+-------+-------+-------+
|Total            |        0|      0|      3|     16|
+-----------------+---------+-------+-------+-------+
|Available        |      200|    160|  93600|  46800|
+-----------------+---------+-------+-------+-------+
|Utilization (%)  |        0|      0|   ~0  |   ~0  |
+-----------------+---------+-------+-------+-------+

+ Detail: 
    * Instance: 
    N/A

    * DSP48: 
    N/A

    * Memory: 
    N/A

    * FIFO: 
    N/A

    * Expression: 
    +-----------------+----------+-------+---+----+------------+------------+
    |  Variable Name  | Operation| DSP48E| FF| LUT| Bitwidth P0| Bitwidth P1|
    +-----------------+----------+-------+---+----+------------+------------+
    |ap_block_state1  |    or    |      0|  0|   1|           1|           1|
    +-----------------+----------+-------+---+----+------------+------------+
    |Total            |          |      0|  0|   1|           1|           1|
    +-----------------+----------+-------+---+----+------------+------------+

    * Multiplexer: 
    +-------------------------+----+-----------+-----+-----------+
    |           Name          | LUT| Input Size| Bits| Total Bits|
    +-------------------------+----+-----------+-----+-----------+
    |ap_done                  |   3|          2|    1|          2|
    |real_start               |   3|          2|    1|          2|
    |srcImg_cols_V_out_blk_n  |   3|          2|    1|          2|
    |srcImg_rows_V_out_blk_n  |   3|          2|    1|          2|
    |threshold_out_blk_n      |   3|          2|    1|          2|
    +-------------------------+----+-----------+-----+-----------+
    |Total                    |  15|         10|    5|         10|
    +-------------------------+----+-----------+-----+-----------+

    * Register: 
    +----------------+---+----+-----+-----------+
    |      Name      | FF| LUT| Bits| Const Bits|
    +----------------+---+----+-----+-----------+
    |ap_CS_fsm       |  1|   0|    1|          0|
    |ap_done_reg     |  1|   0|    1|          0|
    |start_once_reg  |  1|   0|    1|          0|
    +----------------+---+----+-----+-----------+
    |Total           |  3|   0|    3|          0|
    +----------------+---+----+-----+-----------+



================================================================
== Interface
================================================================
* Summary: 
+--------------------------+-----+-----+------------+-------------------+--------------+
|         RTL Ports        | Dir | Bits|  Protocol  |   Source Object   |    C Type    |
+--------------------------+-----+-----+------------+-------------------+--------------+
|ap_clk                    |  in |    1| ap_ctrl_hs |   Block__proc232  | return value |
|ap_rst                    |  in |    1| ap_ctrl_hs |   Block__proc232  | return value |
|ap_start                  |  in |    1| ap_ctrl_hs |   Block__proc232  | return value |
|start_full_n              |  in |    1| ap_ctrl_hs |   Block__proc232  | return value |
|ap_done                   | out |    1| ap_ctrl_hs |   Block__proc232  | return value |
|ap_continue               |  in |    1| ap_ctrl_hs |   Block__proc232  | return value |
|ap_idle                   | out |    1| ap_ctrl_hs |   Block__proc232  | return value |
|ap_ready                  | out |    1| ap_ctrl_hs |   Block__proc232  | return value |
|start_out                 | out |    1| ap_ctrl_hs |   Block__proc232  | return value |
|start_write               | out |    1| ap_ctrl_hs |   Block__proc232  | return value |
|threshold                 |  in |    8|   ap_none  |     threshold     |    scalar    |
|srcImg_rows_V_out_din     | out |   12|   ap_fifo  | srcImg_rows_V_out |    pointer   |
|srcImg_rows_V_out_full_n  |  in |    1|   ap_fifo  | srcImg_rows_V_out |    pointer   |
|srcImg_rows_V_out_write   | out |    1|   ap_fifo  | srcImg_rows_V_out |    pointer   |
|srcImg_cols_V_out_din     | out |   12|   ap_fifo  | srcImg_cols_V_out |    pointer   |
|srcImg_cols_V_out_full_n  |  in |    1|   ap_fifo  | srcImg_cols_V_out |    pointer   |
|srcImg_cols_V_out_write   | out |    1|   ap_fifo  | srcImg_cols_V_out |    pointer   |
|threshold_out_din         | out |    8|   ap_fifo  |   threshold_out   |    pointer   |
|threshold_out_full_n      |  in |    1|   ap_fifo  |   threshold_out   |    pointer   |
|threshold_out_write       | out |    1|   ap_fifo  |   threshold_out   |    pointer   |
+--------------------------+-----+-----+------------+-------------------+--------------+

