17:57:21 **** Incremental Build of configuration Debug for project ov5640_lcd ****
make pre-build main-build 
a9-linaro-pre-build-step
' '
make: Nothing to be done for 'main-build'.
17:59:19 **** Auto Build of configuration Debug for project ov5640_lcd ****
make pre-build main-build 
a9-linaro-pre-build-step
' '
'Building file: ../src/display_demo.c'
'Invoking: ARM v7 gcc compiler'
arm-none-eabi-gcc -Wall -O0 -g3 -c -fmessage-length=0 -MT"src/display_demo.o" -mcpu=cortex-a9 -mfpu=vfpv3 -mfloat-abi=hard -I../../standalone_bsp_0/ps7_cortexa9_0/include -MMD -MP -MF"src/display_demo.d" -MT"src/display_demo.o" -o "src/display_demo.o" "../src/display_demo.c"
../src/display_demo.c: In function 'main':
../src/display_demo.c:73:2: warning: implicit declaration of function 'set_pwm_frequency' [-Wimplicit-function-declaration]
  set_pwm_frequency(XPAR_AX_PWM_0_S00_AXI_BASEADDR,100000000,200);
  ^~~~~~~~~~~~~~~~~
../src/display_demo.c:74:2: warning: implicit declaration of function 'set_pwm_duty' [-Wimplicit-function-declaration]
  set_pwm_duty(XPAR_AX_PWM_0_S00_AXI_BASEADDR,0.5);
  ^~~~~~~~~~~~
'Finished building: ../src/display_demo.c'
' '
'Building target: ov5640_lcd.elf'
'Invoking: ARM v7 gcc linker'
arm-none-eabi-gcc -mcpu=cortex-a9 -mfpu=vfpv3 -mfloat-abi=hard -Wl,-build-id=none -specs=Xilinx.spec -Wl,-T -Wl,../src/lscript.ld -L../../standalone_bsp_0/ps7_cortexa9_0/lib -o "ov5640_lcd.elf"  ./src/i2c/PS_i2c.o  ./src/dynclk/dynclk.o  ./src/display_ctrl/display_ctrl.o  ./src/display_demo.o ./src/ov5640.o ./src/vdma.o   -Wl,--start-group,-lxil,-lgcc,-lc,--end-group
'Finished building target: ov5640_lcd.elf'
' '
'Invoking: ARM v7 Print Size'
arm-none-eabi-size ov5640_lcd.elf  |tee "ov5640_lcd.elf.size"
   text	   data	    bss	    dec	    hex	filename
  72638	   3704	18688064	18764406	11e5276	ov5640_lcd.elf
'Finished building: ov5640_lcd.elf.size'
' '
17:59:28 **** Incremental Build of configuration Debug for project ov5640_lcd ****
make pre-build main-build 
a9-linaro-pre-build-step
' '
make: Nothing to be done for 'main-build'.
18:00:08 **** Auto Build of configuration Debug for project ov5640_lcd ****
make pre-build main-build 
a9-linaro-pre-build-step
' '
'Building file: ../src/display_demo.c'
'Invoking: ARM v7 gcc compiler'
arm-none-eabi-gcc -Wall -O0 -g3 -c -fmessage-length=0 -MT"src/display_demo.o" -mcpu=cortex-a9 -mfpu=vfpv3 -mfloat-abi=hard -I../../standalone_bsp_0/ps7_cortexa9_0/include -MMD -MP -MF"src/display_demo.d" -MT"src/display_demo.o" -o "src/display_demo.o" "../src/display_demo.c"
../src/display_demo.c: In function 'main':
../src/display_demo.c:73:2: warning: implicit declaration of function 'set_pwm_frequency' [-Wimplicit-function-declaration]
  set_pwm_frequency(XPAR_AX_PWM_0_S00_AXI_BASEADDR,100000000,200);
  ^~~~~~~~~~~~~~~~~
../src/display_demo.c:74:2: warning: implicit declaration of function 'set_pwm_duty' [-Wimplicit-function-declaration]
  set_pwm_duty(XPAR_AX_PWM_0_S00_AXI_BASEADDR,0.5);
  ^~~~~~~~~~~~
'Finished building: ../src/display_demo.c'
' '
'Building target: ov5640_lcd.elf'
'Invoking: ARM v7 gcc linker'
arm-none-eabi-gcc -mcpu=cortex-a9 -mfpu=vfpv3 -mfloat-abi=hard -Wl,-build-id=none -specs=Xilinx.spec -Wl,-T -Wl,../src/lscript.ld -L../../standalone_bsp_0/ps7_cortexa9_0/lib -o "ov5640_lcd.elf"  ./src/i2c/PS_i2c.o  ./src/dynclk/dynclk.o  ./src/display_ctrl/display_ctrl.o  ./src/display_demo.o ./src/ov5640.o ./src/vdma.o   -Wl,--start-group,-lxil,-lgcc,-lc,--end-group
'Finished building target: ov5640_lcd.elf'
' '
'Invoking: ARM v7 Print Size'
arm-none-eabi-size ov5640_lcd.elf  |tee "ov5640_lcd.elf.size"
   text	   data	    bss	    dec	    hex	filename
  72638	   3704	18688064	18764406	11e5276	ov5640_lcd.elf
'Finished building: ov5640_lcd.elf.size'
' '
18:00:18 **** Incremental Build of configuration Debug for project ov5640_lcd ****
make pre-build main-build 
a9-linaro-pre-build-step
' '
make: Nothing to be done for 'main-build'.
18:01:05 **** Auto Build of configuration Debug for project ov5640_lcd ****
make pre-build main-build 
a9-linaro-pre-build-step
' '
'Building file: ../src/display_demo.c'
'Invoking: ARM v7 gcc compiler'
arm-none-eabi-gcc -Wall -O0 -g3 -c -fmessage-length=0 -MT"src/display_demo.o" -mcpu=cortex-a9 -mfpu=vfpv3 -mfloat-abi=hard -I../../standalone_bsp_0/ps7_cortexa9_0/include -MMD -MP -MF"src/display_demo.d" -MT"src/display_demo.o" -o "src/display_demo.o" "../src/display_demo.c"
../src/display_demo.c: In function 'main':
../src/display_demo.c:73:2: warning: implicit declaration of function 'set_pwm_frequency' [-Wimplicit-function-declaration]
  set_pwm_frequency(XPAR_AX_PWM_0_S00_AXI_BASEADDR,100000000,200);
  ^~~~~~~~~~~~~~~~~
../src/display_demo.c:74:2: warning: implicit declaration of function 'set_pwm_duty' [-Wimplicit-function-declaration]
  set_pwm_duty(XPAR_AX_PWM_0_S00_AXI_BASEADDR,0.5);
  ^~~~~~~~~~~~
'Finished building: ../src/display_demo.c'
' '
'Building target: ov5640_lcd.elf'
'Invoking: ARM v7 gcc linker'
arm-none-eabi-gcc -mcpu=cortex-a9 -mfpu=vfpv3 -mfloat-abi=hard -Wl,-build-id=none -specs=Xilinx.spec -Wl,-T -Wl,../src/lscript.ld -L../../standalone_bsp_0/ps7_cortexa9_0/lib -o "ov5640_lcd.elf"  ./src/i2c/PS_i2c.o  ./src/dynclk/dynclk.o  ./src/display_ctrl/display_ctrl.o  ./src/display_demo.o ./src/ov5640.o ./src/vdma.o   -Wl,--start-group,-lxil,-lgcc,-lc,--end-group
'Finished building target: ov5640_lcd.elf'
' '
'Invoking: ARM v7 Print Size'
arm-none-eabi-size ov5640_lcd.elf  |tee "ov5640_lcd.elf.size"
   text	   data	    bss	    dec	    hex	filename
  72638	   3704	18688064	18764406	11e5276	ov5640_lcd.elf
'Finished building: ov5640_lcd.elf.size'
' '
18:01:14 **** Incremental Build of configuration Debug for project ov5640_lcd ****
make pre-build main-build 
a9-linaro-pre-build-step
' '
make: Nothing to be done for 'main-build'.
18:02:27 **** Auto Build of configuration Debug for project ov5640_lcd ****
make pre-build main-build 
a9-linaro-pre-build-step
' '
'Building file: ../src/display_demo.c'
'Invoking: ARM v7 gcc compiler'
arm-none-eabi-gcc -Wall -O0 -g3 -c -fmessage-length=0 -MT"src/display_demo.o" -mcpu=cortex-a9 -mfpu=vfpv3 -mfloat-abi=hard -I../../standalone_bsp_0/ps7_cortexa9_0/include -MMD -MP -MF"src/display_demo.d" -MT"src/display_demo.o" -o "src/display_demo.o" "../src/display_demo.c"
../src/display_demo.c: In function 'main':
../src/display_demo.c:73:2: warning: implicit declaration of function 'set_pwm_frequency' [-Wimplicit-function-declaration]
  set_pwm_frequency(XPAR_AX_PWM_0_S00_AXI_BASEADDR,100000000,200);
  ^~~~~~~~~~~~~~~~~
../src/display_demo.c:74:2: warning: implicit declaration of function 'set_pwm_duty' [-Wimplicit-function-declaration]
  set_pwm_duty(XPAR_AX_PWM_0_S00_AXI_BASEADDR,0.5);
  ^~~~~~~~~~~~
'Finished building: ../src/display_demo.c'
' '
'Building target: ov5640_lcd.elf'
'Invoking: ARM v7 gcc linker'
arm-none-eabi-gcc -mcpu=cortex-a9 -mfpu=vfpv3 -mfloat-abi=hard -Wl,-build-id=none -specs=Xilinx.spec -Wl,-T -Wl,../src/lscript.ld -L../../standalone_bsp_0/ps7_cortexa9_0/lib -o "ov5640_lcd.elf"  ./src/i2c/PS_i2c.o  ./src/dynclk/dynclk.o  ./src/display_ctrl/display_ctrl.o  ./src/display_demo.o ./src/ov5640.o ./src/vdma.o   -Wl,--start-group,-lxil,-lgcc,-lc,--end-group
'Finished building target: ov5640_lcd.elf'
' '
'Invoking: ARM v7 Print Size'
arm-none-eabi-size ov5640_lcd.elf  |tee "ov5640_lcd.elf.size"
   text	   data	    bss	    dec	    hex	filename
  72638	   3704	18688064	18764406	11e5276	ov5640_lcd.elf
'Finished building: ov5640_lcd.elf.size'
' '
18:02:34 **** Incremental Build of configuration Debug for project ov5640_lcd ****
make pre-build main-build 
a9-linaro-pre-build-step
' '
make: Nothing to be done for 'main-build'.
18:04:40 **** Auto Build of configuration Debug for project ov5640_lcd ****
make pre-build main-build 
a9-linaro-pre-build-step
' '
'Building file: ../src/display_demo.c'
'Invoking: ARM v7 gcc compiler'
arm-none-eabi-gcc -Wall -O0 -g3 -c -fmessage-length=0 -MT"src/display_demo.o" -mcpu=cortex-a9 -mfpu=vfpv3 -mfloat-abi=hard -I../../standalone_bsp_0/ps7_cortexa9_0/include -MMD -MP -MF"src/display_demo.d" -MT"src/display_demo.o" -o "src/display_demo.o" "../src/display_demo.c"
../src/display_demo.c: In function 'main':
../src/display_demo.c:73:2: warning: implicit declaration of function 'set_pwm_frequency' [-Wimplicit-function-declaration]
  set_pwm_frequency(XPAR_AX_PWM_0_S00_AXI_BASEADDR,100000000,200);
  ^~~~~~~~~~~~~~~~~
../src/display_demo.c:74:2: warning: implicit declaration of function 'set_pwm_duty' [-Wimplicit-function-declaration]
  set_pwm_duty(XPAR_AX_PWM_0_S00_AXI_BASEADDR,0.5);
  ^~~~~~~~~~~~
'Finished building: ../src/display_demo.c'
' '
'Building target: ov5640_lcd.elf'
'Invoking: ARM v7 gcc linker'
arm-none-eabi-gcc -mcpu=cortex-a9 -mfpu=vfpv3 -mfloat-abi=hard -Wl,-build-id=none -specs=Xilinx.spec -Wl,-T -Wl,../src/lscript.ld -L../../standalone_bsp_0/ps7_cortexa9_0/lib -o "ov5640_lcd.elf"  ./src/i2c/PS_i2c.o  ./src/dynclk/dynclk.o  ./src/display_ctrl/display_ctrl.o  ./src/display_demo.o ./src/ov5640.o ./src/vdma.o   -Wl,--start-group,-lxil,-lgcc,-lc,--end-group
'Finished building target: ov5640_lcd.elf'
' '
'Invoking: ARM v7 Print Size'
arm-none-eabi-size ov5640_lcd.elf  |tee "ov5640_lcd.elf.size"
   text	   data	    bss	    dec	    hex	filename
  72638	   3704	18688064	18764406	11e5276	ov5640_lcd.elf
'Finished building: ov5640_lcd.elf.size'
' '
18:04:50 **** Incremental Build of configuration Debug for project ov5640_lcd ****
make pre-build main-build 
a9-linaro-pre-build-step
' '
make: Nothing to be done for 'main-build'.
09:22:48 **** Incremental Build of configuration Debug for project ov5640_lcd ****
make pre-build main-build 
a9-linaro-pre-build-step
' '
make: Nothing to be done for 'main-build'.
09:25:18 **** Incremental Build of configuration Debug for project ov5640_lcd ****
make pre-build main-build 
a9-linaro-pre-build-step
' '
make: Nothing to be done for 'main-build'.
09:31:01 **** Auto Build of configuration Debug for project ov5640_lcd ****
make pre-build main-build 
a9-linaro-pre-build-step
' '
'Building file: ../src/display_demo.c'
'Invoking: ARM v7 gcc compiler'
arm-none-eabi-gcc -Wall -O0 -g3 -c -fmessage-length=0 -MT"src/display_demo.o" -mcpu=cortex-a9 -mfpu=vfpv3 -mfloat-abi=hard -I../../standalone_bsp_0/ps7_cortexa9_0/include -MMD -MP -MF"src/display_demo.d" -MT"src/display_demo.o" -o "src/display_demo.o" "../src/display_demo.c"
../src/display_demo.c: In function 'main':
../src/display_demo.c:73:2: warning: implicit declaration of function 'set_pwm_frequency' [-Wimplicit-function-declaration]
  set_pwm_frequency(XPAR_AX_PWM_0_S00_AXI_BASEADDR,100000000,200);
  ^~~~~~~~~~~~~~~~~
../src/display_demo.c:74:2: warning: implicit declaration of function 'set_pwm_duty' [-Wimplicit-function-declaration]
  set_pwm_duty(XPAR_AX_PWM_0_S00_AXI_BASEADDR,0.5);
  ^~~~~~~~~~~~
'Finished building: ../src/display_demo.c'
' '
'Building target: ov5640_lcd.elf'
'Invoking: ARM v7 gcc linker'
arm-none-eabi-gcc -mcpu=cortex-a9 -mfpu=vfpv3 -mfloat-abi=hard -Wl,-build-id=none -specs=Xilinx.spec -Wl,-T -Wl,../src/lscript.ld -L../../standalone_bsp_0/ps7_cortexa9_0/lib -o "ov5640_lcd.elf"  ./src/i2c/PS_i2c.o  ./src/dynclk/dynclk.o  ./src/display_ctrl/display_ctrl.o  ./src/display_demo.o ./src/ov5640.o ./src/vdma.o   -Wl,--start-group,-lxil,-lgcc,-lc,--end-group
'Finished building target: ov5640_lcd.elf'
' '
'Invoking: ARM v7 Print Size'
arm-none-eabi-size ov5640_lcd.elf  |tee "ov5640_lcd.elf.size"
   text	   data	    bss	    dec	    hex	filename
  72638	   3704	18688064	18764406	11e5276	ov5640_lcd.elf
'Finished building: ov5640_lcd.elf.size'
' '
09:31:13 **** Incremental Build of configuration Debug for project ov5640_lcd ****
make pre-build main-build 
a9-linaro-pre-build-step
' '
make: Nothing to be done for 'main-build'.
09:32:42 **** Auto Build of configuration Debug for project ov5640_lcd ****
make pre-build main-build 
a9-linaro-pre-build-step
' '
'Building file: ../src/display_demo.c'
'Invoking: ARM v7 gcc compiler'
arm-none-eabi-gcc -Wall -O0 -g3 -c -fmessage-length=0 -MT"src/display_demo.o" -mcpu=cortex-a9 -mfpu=vfpv3 -mfloat-abi=hard -I../../standalone_bsp_0/ps7_cortexa9_0/include -MMD -MP -MF"src/display_demo.d" -MT"src/display_demo.o" -o "src/display_demo.o" "../src/display_demo.c"
../src/display_demo.c: In function 'main':
../src/display_demo.c:73:2: warning: implicit declaration of function 'set_pwm_frequency' [-Wimplicit-function-declaration]
  set_pwm_frequency(XPAR_AX_PWM_0_S00_AXI_BASEADDR,100000000,200);
  ^~~~~~~~~~~~~~~~~
../src/display_demo.c:74:2: warning: implicit declaration of function 'set_pwm_duty' [-Wimplicit-function-declaration]
  set_pwm_duty(XPAR_AX_PWM_0_S00_AXI_BASEADDR,0.5);
  ^~~~~~~~~~~~
'Finished building: ../src/display_demo.c'
' '
'Building target: ov5640_lcd.elf'
'Invoking: ARM v7 gcc linker'
arm-none-eabi-gcc -mcpu=cortex-a9 -mfpu=vfpv3 -mfloat-abi=hard -Wl,-build-id=none -specs=Xilinx.spec -Wl,-T -Wl,../src/lscript.ld -L../../standalone_bsp_0/ps7_cortexa9_0/lib -o "ov5640_lcd.elf"  ./src/i2c/PS_i2c.o  ./src/dynclk/dynclk.o  ./src/display_ctrl/display_ctrl.o  ./src/display_demo.o ./src/ov5640.o ./src/vdma.o   -Wl,--start-group,-lxil,-lgcc,-lc,--end-group
'Finished building target: ov5640_lcd.elf'
' '
'Invoking: ARM v7 Print Size'
arm-none-eabi-size ov5640_lcd.elf  |tee "ov5640_lcd.elf.size"
   text	   data	    bss	    dec	    hex	filename
  72638	   3704	18688064	18764406	11e5276	ov5640_lcd.elf
'Finished building: ov5640_lcd.elf.size'
' '
09:32:46 **** Incremental Build of configuration Debug for project ov5640_lcd ****
make pre-build main-build 
a9-linaro-pre-build-step
' '
make: Nothing to be done for 'main-build'.
09:33:13 **** Auto Build of configuration Debug for project ov5640_lcd ****
make pre-build main-build 
a9-linaro-pre-build-step
' '
'Building file: ../src/display_demo.c'
'Invoking: ARM v7 gcc compiler'
arm-none-eabi-gcc -Wall -O0 -g3 -c -fmessage-length=0 -MT"src/display_demo.o" -mcpu=cortex-a9 -mfpu=vfpv3 -mfloat-abi=hard -I../../standalone_bsp_0/ps7_cortexa9_0/include -MMD -MP -MF"src/display_demo.d" -MT"src/display_demo.o" -o "src/display_demo.o" "../src/display_demo.c"
../src/display_demo.c: In function 'main':
../src/display_demo.c:73:2: warning: implicit declaration of function 'set_pwm_frequency' [-Wimplicit-function-declaration]
  set_pwm_frequency(XPAR_AX_PWM_0_S00_AXI_BASEADDR,100000000,200);
  ^~~~~~~~~~~~~~~~~
../src/display_demo.c:74:2: warning: implicit declaration of function 'set_pwm_duty' [-Wimplicit-function-declaration]
  set_pwm_duty(XPAR_AX_PWM_0_S00_AXI_BASEADDR,0.5);
  ^~~~~~~~~~~~
'Finished building: ../src/display_demo.c'
' '
'Building target: ov5640_lcd.elf'
'Invoking: ARM v7 gcc linker'
arm-none-eabi-gcc -mcpu=cortex-a9 -mfpu=vfpv3 -mfloat-abi=hard -Wl,-build-id=none -specs=Xilinx.spec -Wl,-T -Wl,../src/lscript.ld -L../../standalone_bsp_0/ps7_cortexa9_0/lib -o "ov5640_lcd.elf"  ./src/i2c/PS_i2c.o  ./src/dynclk/dynclk.o  ./src/display_ctrl/display_ctrl.o  ./src/display_demo.o ./src/ov5640.o ./src/vdma.o   -Wl,--start-group,-lxil,-lgcc,-lc,--end-group
'Finished building target: ov5640_lcd.elf'
' '
'Invoking: ARM v7 Print Size'
arm-none-eabi-size ov5640_lcd.elf  |tee "ov5640_lcd.elf.size"
   text	   data	    bss	    dec	    hex	filename
  72638	   3704	18688064	18764406	11e5276	ov5640_lcd.elf
'Finished building: ov5640_lcd.elf.size'
' '
09:33:18 **** Incremental Build of configuration Debug for project ov5640_lcd ****
make pre-build main-build 
a9-linaro-pre-build-step
' '
make: Nothing to be done for 'main-build'.
09:34:30 **** Auto Build of configuration Debug for project ov5640_lcd ****
make pre-build main-build 
a9-linaro-pre-build-step
' '
'Building file: ../src/display_demo.c'
'Invoking: ARM v7 gcc compiler'
arm-none-eabi-gcc -Wall -O0 -g3 -c -fmessage-length=0 -MT"src/display_demo.o" -mcpu=cortex-a9 -mfpu=vfpv3 -mfloat-abi=hard -I../../standalone_bsp_0/ps7_cortexa9_0/include -MMD -MP -MF"src/display_demo.d" -MT"src/display_demo.o" -o "src/display_demo.o" "../src/display_demo.c"
../src/display_demo.c: In function 'main':
../src/display_demo.c:73:2: warning: implicit declaration of function 'set_pwm_frequency' [-Wimplicit-function-declaration]
  set_pwm_frequency(XPAR_AX_PWM_0_S00_AXI_BASEADDR,100000000,200);
  ^~~~~~~~~~~~~~~~~
../src/display_demo.c:74:2: warning: implicit declaration of function 'set_pwm_duty' [-Wimplicit-function-declaration]
  set_pwm_duty(XPAR_AX_PWM_0_S00_AXI_BASEADDR,0.5);
  ^~~~~~~~~~~~
'Finished building: ../src/display_demo.c'
' '
'Building target: ov5640_lcd.elf'
'Invoking: ARM v7 gcc linker'
arm-none-eabi-gcc -mcpu=cortex-a9 -mfpu=vfpv3 -mfloat-abi=hard -Wl,-build-id=none -specs=Xilinx.spec -Wl,-T -Wl,../src/lscript.ld -L../../standalone_bsp_0/ps7_cortexa9_0/lib -o "ov5640_lcd.elf"  ./src/i2c/PS_i2c.o  ./src/dynclk/dynclk.o  ./src/display_ctrl/display_ctrl.o  ./src/display_demo.o ./src/ov5640.o ./src/vdma.o   -Wl,--start-group,-lxil,-lgcc,-lc,--end-group
'Finished building target: ov5640_lcd.elf'
' '
'Invoking: ARM v7 Print Size'
arm-none-eabi-size ov5640_lcd.elf  |tee "ov5640_lcd.elf.size"
   text	   data	    bss	    dec	    hex	filename
  72638	   3704	18688064	18764406	11e5276	ov5640_lcd.elf
'Finished building: ov5640_lcd.elf.size'
' '
09:34:33 **** Incremental Build of configuration Debug for project ov5640_lcd ****
make pre-build main-build 
a9-linaro-pre-build-step
' '
make: Nothing to be done for 'main-build'.
09:42:37 **** Auto Build of configuration Debug for project ov5640_lcd ****
make pre-build main-build 
a9-linaro-pre-build-step
' '
'Building file: ../src/display_demo.c'
'Invoking: ARM v7 gcc compiler'
arm-none-eabi-gcc -Wall -O0 -g3 -c -fmessage-length=0 -MT"src/display_demo.o" -mcpu=cortex-a9 -mfpu=vfpv3 -mfloat-abi=hard -I../../standalone_bsp_0/ps7_cortexa9_0/include -MMD -MP -MF"src/display_demo.d" -MT"src/display_demo.o" -o "src/display_demo.o" "../src/display_demo.c"
../src/display_demo.c: In function 'main':
../src/display_demo.c:73:2: warning: implicit declaration of function 'set_pwm_frequency' [-Wimplicit-function-declaration]
  set_pwm_frequency(XPAR_AX_PWM_0_S00_AXI_BASEADDR,100000000,200);
  ^~~~~~~~~~~~~~~~~
../src/display_demo.c:74:2: warning: implicit declaration of function 'set_pwm_duty' [-Wimplicit-function-declaration]
  set_pwm_duty(XPAR_AX_PWM_0_S00_AXI_BASEADDR,0.5);
  ^~~~~~~~~~~~
'Finished building: ../src/display_demo.c'
' '
'Building target: ov5640_lcd.elf'
'Invoking: ARM v7 gcc linker'
arm-none-eabi-gcc -mcpu=cortex-a9 -mfpu=vfpv3 -mfloat-abi=hard -Wl,-build-id=none -specs=Xilinx.spec -Wl,-T -Wl,../src/lscript.ld -L../../standalone_bsp_0/ps7_cortexa9_0/lib -o "ov5640_lcd.elf"  ./src/i2c/PS_i2c.o  ./src/dynclk/dynclk.o  ./src/display_ctrl/display_ctrl.o  ./src/display_demo.o ./src/ov5640.o ./src/vdma.o   -Wl,--start-group,-lxil,-lgcc,-lc,--end-group
'Finished building target: ov5640_lcd.elf'
' '
'Invoking: ARM v7 Print Size'
arm-none-eabi-size ov5640_lcd.elf  |tee "ov5640_lcd.elf.size"
   text	   data	    bss	    dec	    hex	filename
  72638	   3704	18688064	18764406	11e5276	ov5640_lcd.elf
'Finished building: ov5640_lcd.elf.size'
' '
09:42:40 **** Incremental Build of configuration Debug for project ov5640_lcd ****
make pre-build main-build 
a9-linaro-pre-build-step
' '
make: Nothing to be done for 'main-build'.
